###############################################################################
#
# IAR ELF Linker V8.50.6.265/W32 for ARM                  18/Oct/2020  20:21:49
# Copyright 2007-2020 IAR Systems AB.
#
#    Output file  =
#        C:\qp_lab\qpcpp\examples\performance\dpp_efm32-slstk3401a\qv\iar\dbg\dpp-qv.out
#    Map file     =
#        C:\qp_lab\qpcpp\examples\performance\dpp_efm32-slstk3401a\qv\iar\dbg\dpp-qv.map
#    Command line =
#        -f C:\Users\miro\AppData\Local\Temp\EW735F.tmp
#        (C:\qp_lab\qpcpp\examples\performance\dpp_efm32-slstk3401a\qv\iar\dbg\bsp.o
#        C:\qp_lab\qpcpp\examples\performance\dpp_efm32-slstk3401a\qv\iar\dbg\em_cmu.o
#        C:\qp_lab\qpcpp\examples\performance\dpp_efm32-slstk3401a\qv\iar\dbg\em_emu.o
#        C:\qp_lab\qpcpp\examples\performance\dpp_efm32-slstk3401a\qv\iar\dbg\em_gpio.o
#        C:\qp_lab\qpcpp\examples\performance\dpp_efm32-slstk3401a\qv\iar\dbg\em_usart.o
#        C:\qp_lab\qpcpp\examples\performance\dpp_efm32-slstk3401a\qv\iar\dbg\main.o
#        C:\qp_lab\qpcpp\examples\performance\dpp_efm32-slstk3401a\qv\iar\dbg\philo.o
#        C:\qp_lab\qpcpp\examples\performance\dpp_efm32-slstk3401a\qv\iar\dbg\qep_hsm.o
#        C:\qp_lab\qpcpp\examples\performance\dpp_efm32-slstk3401a\qv\iar\dbg\qep_msm.o
#        C:\qp_lab\qpcpp\examples\performance\dpp_efm32-slstk3401a\qv\iar\dbg\qf_act.o
#        C:\qp_lab\qpcpp\examples\performance\dpp_efm32-slstk3401a\qv\iar\dbg\qf_actq.o
#        C:\qp_lab\qpcpp\examples\performance\dpp_efm32-slstk3401a\qv\iar\dbg\qf_defer.o
#        C:\qp_lab\qpcpp\examples\performance\dpp_efm32-slstk3401a\qv\iar\dbg\qf_dyn.o
#        C:\qp_lab\qpcpp\examples\performance\dpp_efm32-slstk3401a\qv\iar\dbg\qf_mem.o
#        C:\qp_lab\qpcpp\examples\performance\dpp_efm32-slstk3401a\qv\iar\dbg\qf_ps.o
#        C:\qp_lab\qpcpp\examples\performance\dpp_efm32-slstk3401a\qv\iar\dbg\qf_qact.o
#        C:\qp_lab\qpcpp\examples\performance\dpp_efm32-slstk3401a\qv\iar\dbg\qf_qeq.o
#        C:\qp_lab\qpcpp\examples\performance\dpp_efm32-slstk3401a\qv\iar\dbg\qf_qmact.o
#        C:\qp_lab\qpcpp\examples\performance\dpp_efm32-slstk3401a\qv\iar\dbg\qf_time.o
#        C:\qp_lab\qpcpp\examples\performance\dpp_efm32-slstk3401a\qv\iar\dbg\qstamp.o
#        C:\qp_lab\qpcpp\examples\performance\dpp_efm32-slstk3401a\qv\iar\dbg\qv.o
#        C:\qp_lab\qpcpp\examples\performance\dpp_efm32-slstk3401a\qv\iar\dbg\qv_port.o
#        C:\qp_lab\qpcpp\examples\performance\dpp_efm32-slstk3401a\qv\iar\dbg\startup_efm32pg1b.o
#        C:\qp_lab\qpcpp\examples\performance\dpp_efm32-slstk3401a\qv\iar\dbg\system_efm32pg1b.o
#        C:\qp_lab\qpcpp\examples\performance\dpp_efm32-slstk3401a\qv\iar\dbg\table.o
#        --redirect _Printf=_PrintfTiny --redirect _Scanf=_ScanfSmallNoMb
#        --no_out_extension -o
#        C:\qp_lab\qpcpp\examples\performance\dpp_efm32-slstk3401a\qv\iar\dbg\dpp-qv.out
#        --map
#        C:\qp_lab\qpcpp\examples\performance\dpp_efm32-slstk3401a\qv\iar\dbg\dpp-qv.map
#        --config
#        C:\qp_lab\qpcpp\examples\performance\dpp_efm32-slstk3401a\qv\iar\dpp-qv.icf
#        --entry __iar_program_start --vfe --text_out locale)
#
###############################################################################

*******************************************************************************
*** RUNTIME MODEL ATTRIBUTES
***

CppFlavor                     = *
__CPP_Exceptions              = Disabled
__CPP_Language                = C++14
__Heap_Handler                = Basic
__SystemLibrary               = DLib
__dlib_dynamic_initialization = normal
__dlib_version                = 6


*******************************************************************************
*** HEAP SELECTION
***

The basic heap was selected because some modules are built with
size limitations (and not runtime checking), and --advanced_heap
was not specified.


*******************************************************************************
*** PLACEMENT SUMMARY
***

"A0":  place at address 0x0 { ro section .intvec };
"P1":  place in [from 0x0 to 0x3'ffff] { ro };
define block CSTACK with size = 1K, alignment = 8 { };
"A1":  place at start of [from 0x2000'0000 to 0x2000'7fff] { block CSTACK };
define block HEAP with size = 0, alignment = 8 { };
"P2":  place in [from 0x2000'0000 to 0x2000'7fff] { rw, block HEAP };
initialize by copy { rw };

  Section                Kind         Address    Size  Object
  -------                ----         -------    ----  ------
"A0":                                            0xc8
  .intvec                ro code          0x0    0xc8  startup_efm32pg1b.o [1]
                                       - 0xc8    0xc8

"P1":                                          0x190c
  .text                  ro code         0xc8   0x3ec  table.o [1]
  .text                  ro code        0x4b4    0x2c  qf_qact.o [1]
  .text                  ro code        0x4e0    0xf4  qf_ps.o [1]
  .text                  ro code        0x5d4   0x1f0  bsp.o [1]
  .text                  ro code        0x7c4   0x10c  qf_dyn.o [1]
  .text                  ro code        0x8d0   0x27c  qep_hsm.o [1]
  .text                  ro code        0xb4c    0x2c  qf_qeq.o [1]
  .text                  ro code        0xb78    0x4c  qf_act.o [1]
  .text                  ro code        0xbc4   0x1a0  qf_time.o [1]
  .text                  ro code        0xd64    0x54  system_efm32pg1b.o [1]
  .text                  ro code        0xdb8    0x90  em_cmu.o [1]
  .text                  ro code        0xe48    0xac  em_gpio.o [1]
  .text                  ro code        0xef4    0x28  cxxabi.o [3]
  .text                  ro code        0xf1c   0x134  qf_mem.o [1]
  .text                  ro code       0x1050     0x6  ABImemclr.o [4]
  .text                  ro code       0x1056    0x14  memset.o [4]
  .text                  ro code       0x106a    0x3a  zero_init3.o [4]
  .text                  ro code       0x10a4    0x66  ABImemset.o [4]
  .text                  ro code       0x110a    0x2e  copy_init3.o [4]
  .text                  ro code       0x1138   0x232  philo.o [1]
  .text                  ro code       0x136a    0x1a  table.o [1]
  .text                  ro code       0x1384   0x10c  qv.o [1]
  .text                  ro code       0x1490    0x50  qv_port.o [1]
  .text                  ro code       0x14e0   0x108  qf_actq.o [1]
  .text                  ro code       0x15e8    0xf0  startup_efm32pg1b.o [1]
  .text                  ro code       0x16d8     0xc  cstartup_M.o [4]
  .text                  ro code       0x16e4    0x1e  cmain.o [4]
  .text                  ro code       0x1702     0x4  low_level_init.o [2]
  .text                  ro code       0x1708    0x28  data_init.o [4]
  .text                  ro code       0x1730    0xc0  main.o [1]
  .text                  ro code       0x17f0     0x4  exit.o [2]
  .text                  ro code       0x17f4     0xa  cexit.o [4]
  .text                  ro code       0x1800     0xc  XXexit.o [4]
  .rodata                const         0x180c    0x44  philo.o [1]
  .rodata                const         0x1850    0x44  table.o [1]
  .rodata                const         0x1894    0x2c  philo.o [1]
  .rodata                const         0x18c0    0x2c  qv.o [1]
  .rodata                const         0x18ec    0x2c  table.o [1]
  .iar.init_table        const         0x1918    0x28  - Linker created -
  .text                  ro code       0x1940    0x20  cmain_call_ctors.o [4]
  .text                  ro code       0x1960    0x18  cppinit.o [2]
  .rodata                const         0x1978    0x1c  qep_hsm.o [1]
  Initializer bytes      const         0x1994    0x18  <for P2-1>
  .rodata                const         0x19ac    0x14  philo.o [1]
  SHT$$PREINIT_ARRAY                   0x19c0     0x0  <Block>
  SHT$$INIT_ARRAY                      0x19c0    0x10  <Block>
    .init_array          const         0x19c0     0x4  philo.o [1]
    .init_array          const         0x19c4     0x4  qf_dyn.o [1]
    .init_array          const         0x19c8     0x4  qf_time.o [1]
    .init_array          const         0x19cc     0x4  table.o [1]
  __iar_tls$$INIT_ARRAY                0x19d0     0x0  <Block>
  .rodata                const         0x19d0     0x4  table.o [1]
  .rodata                const         0x19d4     0x0  zero_init3.o [4]
  .rodata                const         0x19d4     0x0  copy_init3.o [4]
                                     - 0x19d4  0x190c

"A1":                                           0x400
  CSTACK                          0x2000'0000   0x400  <Block>
    CSTACK               uninit   0x2000'0000   0x400  <Block tail>
                                - 0x2000'0400   0x400

"P2", part 1 of 2:                               0x18
  P2-1                            0x2000'0400    0x18  <Init block>
    .data                inited   0x2000'0400     0x8  bsp.o [1]
    .data                inited   0x2000'0408    0x10  system_efm32pg1b.o [1]
                                - 0x2000'0418    0x18

"P2", part 2 of 2:                              0x2a8
  .bss                   zero     0x2000'0418    0xf0  philo.o [1]
  .bss                   zero     0x2000'0508    0xdc  main.o [1]
  .bss                   zero     0x2000'05e4    0x44  qf_act.o [1]
  .bss                   zero     0x2000'0628    0x40  qf_dyn.o [1]
  .bss                   zero     0x2000'0668    0x28  table.o [1]
  .bss                   zero     0x2000'0690    0x20  qf_time.o [1]
  .bss                   zero     0x2000'06b0     0x8  qf_ps.o [1]
  .bss                   zero     0x2000'06b8     0x4  bsp.o [1]
  .bss                   zero     0x2000'06bc     0x2  qv.o [1]
  .bss                   zero     0x2000'06be     0x1  philo.o [1]
                                - 0x2000'06bf   0x2a7

Unused ranges:

         From           To      Size
         ----           --      ----
       0x19d4     0x3'ffff  0x3'e62c
  0x2000'06c0  0x2000'7fff    0x7940


*******************************************************************************
*** INIT TABLE
***

          Address      Size
          -------      ----
Zero (__iar_zero_init3)
    1 destination range, total size 0x2a7:
          0x2000'0418  0x2a7

Copy (__iar_copy_init3)
    1 source range, total size 0x18:
               0x1994   0x18
    1 destination range, total size 0x18:
          0x2000'0400   0x18

Extra (__iar_cstart_call_ctors)



*******************************************************************************
*** MODULE SUMMARY
***

    Module               ro code  ro data  rw data
    ------               -------  -------  -------
command line/config:
    ----------------------------------------------
    Total:

C:\qp_lab\qpcpp\examples\performance\dpp_efm32-slstk3401a\qv\iar\dbg: [1]
    bsp.o                    496        8       12
    em_cmu.o                 144
    em_gpio.o                172
    main.o                   192               220
    philo.o                  562      136      241
    qep_hsm.o                636       28
    qf_act.o                  76                68
    qf_actq.o                264
    qf_dyn.o                 268        4       64
    qf_mem.o                 308
    qf_ps.o                  244                 8
    qf_qact.o                 44
    qf_qeq.o                  44
    qf_time.o                416        4       32
    qv.o                     268       44        2
    qv_port.o                 80
    startup_efm32pg1b.o      440
    system_efm32pg1b.o        84       16       16
    table.o                1'030      120       40
    ----------------------------------------------
    Total:                 5'768      360      703

dl7M_tln.a: [2]
    cppinit.o                 24
    exit.o                     4
    low_level_init.o           4
    ----------------------------------------------
    Total:                    32

dlpp7M_tl_nc.a: [3]
    cxxabi.o                  40
    ----------------------------------------------
    Total:                    40

rt7M_tl.a: [4]
    ABImemclr.o                6
    ABImemset.o              102
    XXexit.o                  12
    cexit.o                   10
    cmain.o                   30
    cmain_call_ctors.o        32
    copy_init3.o              46
    cstartup_M.o              12
    data_init.o               40
    memset.o                  20
    zero_init3.o              58
    ----------------------------------------------
    Total:                   368

    Gaps                       4
    Linker created                     40    1'024
--------------------------------------------------
    Grand Total:           6'212      400    1'727


*******************************************************************************
*** ENTRY LIST
***

Entry                       Address   Size  Type      Object
-----                       -------   ----  ----      ------
.iar.init_table$$Base        0x1918          --   Gb  - Linker created -
.iar.init_table$$Limit       0x1940          --   Gb  - Linker created -
?main                        0x16e5         Code  Gb  cmain.o [4]
CMU_ClockEnable               0xdb9   0x74  Code  Gb  em_cmu.o [1]
CSTACK$$Base            0x2000'0000          --   Gb  - Linker created -
CSTACK$$Limit           0x2000'0400          --   Gb  - Linker created -
DPP::AO_Philo                0x19ac   0x14  Data  Gb  philo.o [1]
DPP::AO_Table                0x19d0    0x4  Data  Gb  table.o [1]
DPP::BSP::displayPaused(unsigned char)
                              0x6bf   0x18  Code  Gb  bsp.o [1]
DPP::BSP::displayPhilStat(unsigned char, char const *)
                              0x6a3   0x1c  Code  Gb  bsp.o [1]
DPP::BSP::init()              0x637   0x6c  Code  Gb  bsp.o [1]
DPP::BSP::random()            0x6d7    0xe  Code  Gb  bsp.o [1]
DPP::Philo::Philo()          0x1149    0x4  Code  Gb  philo.o [1]
DPP::Philo::eating(void *, QP::QEvt const *)
                             0x1369    0x2  Code  Gb  philo.o [1]
DPP::Philo::eating_h(QP::QEvt const *)
                             0x12b3   0x90  Code  Gb  philo.o [1]
DPP::Philo::hungry(void *, QP::QEvt const *)
                             0x12b1    0x2  Code  Gb  philo.o [1]
DPP::Philo::hungry_h(QP::QEvt const *)
                             0x120f   0x8a  Code  Gb  philo.o [1]
DPP::Philo::initial(void *, QP::QEvt const *)
                             0x116d    0x4  Code  Gb  philo.o [1]
DPP::Philo::initial_h(QP::QEvt const *)::registered
                        0x2000'06be    0x1  Data  Lc  philo.o [1]
DPP::Philo::thinking(void *, QP::QEvt const *)
                             0x120d    0x2  Code  Gb  philo.o [1]
DPP::Philo::thinking_h(QP::QEvt const *)
                             0x1197   0x74  Code  Gb  philo.o [1]
DPP::Table::active(void *, QP::QEvt const *)
                              0x173   0x16  Code  Gb  table.o [1]
DPP::Table::initial(void *, QP::QEvt const *)
                              0x171    0x2  Code  Gb  table.o [1]
DPP::Table::initial_h(QP::QEvt const *)
                               0xf3   0x7a  Code  Gb  table.o [1]
DPP::Table::paused(void *, QP::QEvt const *)
                              0x48d    0x2  Code  Gb  table.o [1]
DPP::Table::paused_h(QP::QEvt const *)
                              0x3b9   0xba  Code  Gb  table.o [1]
DPP::Table::serving(void *, QP::QEvt const *)
                              0x3b5    0x2  Code  Gb  table.o [1]
DPP::Table::serving_h(QP::QEvt const *)
                              0x19d  0x218  Code  Gb  table.o [1]
GPIO_EVEN_IRQHandler          0x615   0x20  Code  Gb  bsp.o [1]
GPIO_PinModeSet               0xe67   0x8a  Code  Gb  em_gpio.o [1]
GPIO_PinOutSet                0xe49   0x1e  Code  Lc  em_gpio.o [1]
QP::QActive::QActive(unsigned int (*)(void *, QP::QEvt const *)) [subobject]
                              0x4b5    0x4  Code  Gb  qf_qact.o [1]
QP::QActive::get_()          0x157d   0x58  Code  Gb  qf_actq.o [1]
QP::QActive::post_(QP::QEvt const *, unsigned int)
                             0x14e1   0x9a  Code  Gb  qf_actq.o [1]
QP::QActive::start(unsigned int, QP::QEvt const **, unsigned int, void *, unsigned int)
                             0x136b   0x1a  Code  Gb  table.o [1]
QP::QActive::start(unsigned int, QP::QEvt const **, unsigned int, void *, unsigned int, void const *)
                             0x144d   0x3e  Code  Gb  qv.o [1]
QP::QActive::subscribe(int) const
                              0x579   0x42  Code  Gb  qf_ps.o [1]
QP::QEQueue::QEQueue()        0xb4d    0x2  Code  Gb  qf_qeq.o [1]
QP::QEQueue::init(QP::QEvt const **, unsigned int)
                              0xb61   0x18  Code  Gb  qf_qeq.o [1]
QP::QF::active_         0x2000'05e4   0x44  Data  Gb  qf_act.o [1]
QP::QF::add_(QP::QActive *)
                              0xb79   0x2c  Code  Gb  qf_act.o [1]
QP::QF::bzero(void *, unsigned int)
                              0xbb1    0xa  Code  Gb  qf_act.o [1]
QP::QF::gc(QP::QEvt const *)
                              0x86d   0x52  Code  Gb  qf_dyn.o [1]
QP::QF::init()               0x1385   0x30  Code  Gb  qv.o [1]
QP::QF::newX_(unsigned int, unsigned int, int)
                              0x809   0x5c  Code  Gb  qf_dyn.o [1]
QP::QF::onStartup()           0x6e5   0x4c  Code  Gb  bsp.o [1]
QP::QF::poolInit(void *, unsigned int, unsigned int)
                              0x7d1   0x38  Code  Gb  qf_dyn.o [1]
QP::QF::psInit(QP::QPSet *, int)
                              0x4e1    0xc  Code  Gb  qf_ps.o [1]
QP::QF::publish_(QP::QEvt const *)
                              0x4ed   0x84  Code  Gb  qf_ps.o [1]
QP::QF::run()                0x13b5   0x7e  Code  Gb  qv.o [1]
QP::QF::tickX_(unsigned int)
                              0xbd3   0x9e  Code  Gb  qf_time.o [1]
QP::QF::timeEvtHead_    0x2000'0690   0x20  Data  Gb  qf_time.o [1]
QP::QF_maxPool_         0x2000'0664    0x4  Data  Gb  qf_dyn.o [1]
QP::QF_maxPubSignal_    0x2000'06b4    0x4  Data  Gb  qf_ps.o [1]
QP::QF_pool_            0x2000'0628   0x3c  Data  Gb  qf_dyn.o [1]
QP::QF_subscrList_      0x2000'06b0    0x4  Data  Gb  qf_ps.o [1]
QP::QHsm::QHsm(unsigned int (*)(void *, QP::QEvt const *)) [subobject]
                              0x8d1    0x2  Code  Gb  qep_hsm.o [1]
QP::QHsm::dispatch(QP::QEvt const *, unsigned int)
                              0x971   0xea  Code  Gb  qep_hsm.o [1]
QP::QHsm::hsm_tran(unsigned int (*(&)[6])(void *, QP::QEvt const *), unsigned int)
                              0xa65   0xd0  Code  Gb  qep_hsm.o [1]
QP::QHsm::init(void const *, unsigned int)
                              0x8e9   0x84  Code  Gb  qep_hsm.o [1]
QP::QHsm::top(void *, QP::QEvt const *)
                              0x96d    0x4  Code  Gb  qep_hsm.o [1]
QP::QMPool::QMPool()          0xf1d    0x2  Code  Gb  qf_mem.o [1]
QP::QMPool::get(unsigned int, unsigned int)
                              0xfd5   0x72  Code  Gb  qf_mem.o [1]
QP::QMPool::init(void *, unsigned int, unsigned int)
                              0xf31   0x62  Code  Gb  qf_mem.o [1]
QP::QMPool::put(void *, unsigned int)
                              0xf93   0x38  Code  Gb  qf_mem.o [1]
QP::QTimeEvt::QTimeEvt()
                              0xcad    0x4  Code  Gb  qf_time.o [1]
QP::QTimeEvt::QTimeEvt(QP::QActive *, int, unsigned int)
                              0xc71   0x34  Code  Gb  qf_time.o [1]
QP::QTimeEvt::armX(unsigned short, unsigned short)
                              0xccf   0x58  Code  Gb  qf_time.o [1]
QP::QTimeEvt::disarm()        0xd27   0x2a  Code  Gb  qf_time.o [1]
QP::QV::onIdle()              0x731   0x1a  Code  Gb  bsp.o [1]
QV_init                      0x1491   0x50  Code  Gb  qv_port.o [1]
QV_readySet_            0x2000'06bc    0x2  Data  Gb  qv.o [1]
Q_onAssert                    0x74b   0x2a  Code  Gb  bsp.o [1]
Q_this_module_               0x180c   0x44  Data  Lc  philo.o [1]
Q_this_module_               0x1850   0x44  Data  Lc  table.o [1]
Region$$Table$$Base          0x1918          --   Gb  - Linker created -
Region$$Table$$Limit         0x1940          --   Gb  - Linker created -
SHT$$INIT_ARRAY$$Base        0x19c0          --   Gb  - Linker created -
SHT$$INIT_ARRAY$$Limit       0x19d0          --   Gb  - Linker created -
SHT$$PREINIT_ARRAY$$Base
                             0x19c0          --   Gb  - Linker created -
SHT$$PREINIT_ARRAY$$Limit
                             0x19c0          --   Gb  - Linker created -
SysTick_Handler               0x5d5   0x40  Code  Gb  bsp.o [1]
SysTick_Handler::buttons
                        0x2000'0400    0x8  Data  Lc  bsp.o [1]
SysTick_Handler{1}{2}::pauseEvt
                              0x7bc    0x4  Data  Lc  bsp.o [1]
SysTick_Handler{1}{3}::serveEvt
                              0x7c0    0x4  Data  Lc  bsp.o [1]
SystemCoreClock         0x2000'0410    0x4  Data  Gb  system_efm32pg1b.o [1]
SystemCoreClockGet            0xd65   0x4a  Code  Gb  system_efm32pg1b.o [1]
SystemHFXOClock         0x2000'0408    0x4  Data  Lc  system_efm32pg1b.o [1]
SystemHfrcoFreq         0x2000'0414    0x4  Data  Gb  system_efm32pg1b.o [1]
SystemInit                    0xdaf    0x2  Code  Gb  system_efm32pg1b.o [1]
SystemLFXOClock         0x2000'040c    0x4  Data  Lc  system_efm32pg1b.o [1]
USART0_RX_IRQHandler          0x635    0x2  Code  Gb  bsp.o [1]
Virtual function table for DPP::Philo
                             0x1894   0x2c  Data  Gb  philo.o [1]
Virtual function table for DPP::Table
                             0x18ec   0x2c  Data  Gb  table.o [1]
Virtual function table for QP::QActive
                             0x18c0   0x2c  Data  Gb  qv.o [1]
Virtual function table for QP::QHsm
                             0x1978   0x1c  Data  Gb  qep_hsm.o [1]
[local to bsp_cpp]::DPP::l_rnd
                        0x2000'06b8    0x4  Data  Lc  bsp.o [1]
[local to philo_cpp]::DPP::l_philo
                        0x2000'0418   0xf0  Data  Lc  philo.o [1]
[local to qep_hsm_cpp]::QP::QEP_reservedEvt_
                              0xb3c   0x10  Data  Lc  qep_hsm.o [1]
[local to qep_hsm_cpp]::QP::Q_this_module_
                              0xb34    0x8  Data  Lc  qep_hsm.o [1]
[local to qf_act_cpp]::QP::Q_this_module_
                              0xbbc    0x8  Data  Lc  qf_act.o [1]
[local to qf_actq_cpp]::QP::Q_this_module_
                             0x15e0    0x8  Data  Lc  qf_actq.o [1]
[local to qf_dyn_cpp]::QP::Q_this_module_
                              0x8c8    0x8  Data  Lc  qf_dyn.o [1]
[local to qf_mem_cpp]::QP::Q_this_module_
                             0x1048    0x8  Data  Lc  qf_mem.o [1]
[local to qf_ps_cpp]::QP::Q_this_module_
                              0x5cc    0x8  Data  Lc  qf_ps.o [1]
[local to qf_time_cpp]::QP::Q_this_module_
                              0xd5c    0x8  Data  Lc  qf_time.o [1]
[local to qv_cpp]::QP::Q_this_module_
                             0x148c    0x4  Data  Lc  qv.o [1]
[local to table_cpp]::DPP::l_table
                        0x2000'0668   0x28  Data  Lc  table.o [1]
__Vectors                       0x0          --   Gb  startup_efm32pg1b.o [1]
__Vectors_End                  0xc8         Data  Gb  startup_efm32pg1b.o [1]
__Vectors_Size {Abs}           0xc8          --   Gb  startup_efm32pg1b.o [1]
__aeabi_memclr               0x1051         Code  Gb  ABImemclr.o [4]
__aeabi_memset               0x10a5         Code  Gb  ABImemset.o [4]
__aeabi_vec_ctor_nocookie_nodtor
                              0xef5   0x28  Code  Gb  cxxabi.o [3]
__call_ctors                 0x1961   0x18  Code  Gb  cppinit.o [2]
__cmain                      0x16e5         Code  Gb  cmain.o [4]
__exit                       0x1801         Code  Gb  XXexit.o [4]
__iar_Memset                 0x10a5         Code  Gb  ABImemset.o [4]
__iar_Memset_word            0x10ad         Code  Gb  ABImemset.o [4]
__iar_copy_init3             0x110b   0x2e  Code  Gb  copy_init3.o [4]
__iar_cstart_call_ctors
                             0x1941   0x20  Code  Gb  cmain_call_ctors.o [4]
__iar_data_init3             0x1709   0x28  Code  Gb  data_init.o [4]
__iar_program_start          0x16d9         Code  Gb  cstartup_M.o [4]
__iar_tls$$INIT_ARRAY$$Base
                             0x19d0          --   Gb  - Linker created -
__iar_tls$$INIT_ARRAY$$Limit
                             0x19d0          --   Gb  - Linker created -
__iar_zero_init3             0x106b   0x3a  Code  Gb  zero_init3.o [4]
__low_level_init             0x1703    0x4  Code  Gb  low_level_init.o [2]
__sti__routine               0x1139    0xe  Code  Lc  philo.o [1]
__sti__routine                0x7c5    0xc  Code  Lc  qf_dyn.o [1]
__sti__routine                0xbc5    0xe  Code  Lc  qf_time.o [1]
__sti__routine                 0xc9   0x2a  Code  Lc  table.o [1]
__vector_table                  0x0         Data  Gb  startup_efm32pg1b.o [1]
_call_main                   0x16f1         Code  Gb  cmain.o [4]
_exit                        0x17f5         Code  Gb  cexit.o [4]
_main                        0x16ff         Code  Gb  cmain.o [4]
assert_failed                0x1699         Code  Gb  startup_efm32pg1b.o [1]
exit                         0x17f1    0x4  Code  Gb  exit.o [2]
main                         0x1731   0xc0  Code  Gb  main.o [1]
main::philoQueueSto     0x2000'051c   0x64  Data  Lc  main.o [1]
main::smlPoolSto        0x2000'0594   0x50  Data  Lc  main.o [1]
main::subscrSto         0x2000'0580   0x14  Data  Lc  main.o [1]
main::tableQueueSto     0x2000'0508   0x14  Data  Lc  main.o [1]
memset                       0x1057   0x14  Code  Gb  memset.o [4]


[1] = C:\qp_lab\qpcpp\examples\performance\dpp_efm32-slstk3401a\qv\iar\dbg
[2] = dl7M_tln.a
[3] = dlpp7M_tl_nc.a
[4] = rt7M_tl.a

  6'212 bytes of readonly  code memory
    400 bytes of readonly  data memory
  1'727 bytes of readwrite data memory

Errors: none
Warnings: none
